main.c:70:6:clearLed	8	static
main.c:74:6:clearPin	16	static
main.c:78:6:enablePin	16	static
main.c:82:6:display7SEG	32	static
main.c:89:6:clearEnable	8	static
main.c:96:6:update7SEG	16	static
main.c:127:6:updateClockBuffer	4	static
main.c:134:6:setCol	16	static
main.c:145:6:setMatrix	8	static
main.c:156:6:updateLEDMatrix	16	static
main.c:202:5:main	8	static
main.c:286:6:SystemClock_Config	72	static
main.c:322:13:MX_TIM2_Init	32	static
main.c:367:13:MX_GPIO_Init	32	static
main.c:416:6:HAL_TIM_PeriodElapsedCallback	16	static
main.c:426:6:Error_Handler	4	static,ignoring_inline_asm
