main.c:72:6:clearLed	8	static
main.c:76:6:clearPin	16	static
main.c:80:6:enablePin	16	static
main.c:84:6:display7SEG	32	static
main.c:91:6:clearEnable	8	static
main.c:98:6:update7SEG	16	static
main.c:129:6:updateClockBuffer	4	static
main.c:136:6:setCol	16	static
main.c:147:6:setMatrix	8	static
main.c:158:6:updateLEDMatrix	24	static
main.c:204:5:main	8	static
main.c:291:6:SystemClock_Config	72	static
main.c:327:13:MX_TIM2_Init	32	static
main.c:372:13:MX_GPIO_Init	32	static
main.c:421:6:HAL_TIM_PeriodElapsedCallback	16	static
main.c:431:6:Error_Handler	4	static,ignoring_inline_asm
