main.c:62:6:setTimer0	16	static
main.c:66:6:timer_run	4	static
main.c:79:6:clearLed	8	static
main.c:83:6:clearPin	16	static
main.c:87:6:enablePin	16	static
main.c:91:6:display7SEG	32	static
main.c:98:6:clearEnable	8	static
main.c:105:6:update7SEG	16	static
main.c:136:6:updateClockBuffer	4	static
main.c:147:5:main	8	static
main.c:324:6:SystemClock_Config	72	static
main.c:360:13:MX_TIM2_Init	32	static
main.c:405:13:MX_GPIO_Init	32	static
main.c:442:6:HAL_TIM_PeriodElapsedCallback	16	static
main.c:470:6:Error_Handler	4	static,ignoring_inline_asm
